2026-08-02 19:50:47,637 [INFO] Activator:176 - 


2026-08-02 19:50:47,638 [INFO] Activator:177 - !SESSION log4j initialized
2026-08-02 19:50:59,844 [INFO] LogOutputStream:77 - [STDOUT_REDIRECT] 
2026-08-02 19:51:30,564 [INFO] ApplicationProperties:184 - Using Application install path: C:\ST\STM32CubeIDE_1.19.0\STM32CubeIDE\plugins\com.st.stm32cube.common.mx_6.15.0.202507011659
2026-08-02 19:51:30,577 [INFO] DbMcusXml:78 - Set database path to: C:\ST\STM32CubeIDE_1.19.0\STM32CubeIDE\plugins\com.st.stm32cube.common.mx_6.15.0.202507011659\\db\/mcu/
2026-08-02 19:51:30,577 [INFO] ApiDb:274 - Set plugin database path to: C:\ST\STM32CubeIDE_1.19.0\STM32CubeIDE\plugins\com.st.stm32cube.common.mx_6.15.0.202507011659\\db\/plugins/boardmanager/
2026-08-02 19:51:30,578 [WARN] ApiDb:259 - Overriding images path with different value:  => C:\ST\STM32CubeIDE_1.19.0\STM32CubeIDE\plugins\com.st.stm32cube.common.mx_6.15.0.202507011659\\db\/plugins/mcufinder/images/
2026-08-02 19:51:30,582 [INFO] ApiDb:250 - Set database path to: C:\Users\adity\.stmcufinder\plugins\mcufinder//mcu/
2026-08-02 19:51:30,583 [INFO] DbMcusAds:125 - Set database path to: C:\Users\adity\.stmcufinder\plugins\mcufinder//mcu/
2026-08-02 19:51:41,660 [INFO] CrossReferenceDbSqlite:203 - Set database path to: C:\Users\adity\.stmcufinder\plugins\mcufinder//mcu/cs/
2026-08-02 19:51:41,753 [INFO] RulesReader:64 - Compatibility file has been processed (317 Rules)
2026-08-02 19:51:41,825 [INFO] DbMcusXml:78 - Set database path to: C:\ST\STM32CubeIDE_1.19.0\STM32CubeIDE\plugins\com.st.stm32cube.common.mx_6.15.0.202507011659\\db\/mcu/
2026-08-02 19:51:41,825 [INFO] ApiDb:274 - Set plugin database path to: C:\ST\STM32CubeIDE_1.19.0\STM32CubeIDE\plugins\com.st.stm32cube.common.mx_6.15.0.202507011659\\db\/plugins/boardmanager/
2026-08-02 19:51:41,825 [INFO] ApiDb:261 - Set plugin images path to: C:\ST\STM32CubeIDE_1.19.0\STM32CubeIDE\plugins\com.st.stm32cube.common.mx_6.15.0.202507011659\\db\/plugins/mcufinder/images/
2026-08-02 19:51:41,826 [WARN] DbFile:41 - Overriding database path with different value: C:\Users\adity\.stmcufinder\plugins\mcufinder/ => C:\Users\adity\.stmcufinder\plugins\mcufinder
2026-08-02 19:51:41,826 [INFO] ApiDb:250 - Set database path to: C:\Users\adity\.stmcufinder\plugins\mcufinder//mcu/
2026-08-02 19:51:41,826 [WARN] DbFile:41 - Overriding database path with different value: C:\Users\adity\.stmcufinder\plugins\mcufinder/ => C:\Users\adity\.stmcufinder\plugins\mcufinder
2026-08-02 19:51:41,826 [INFO] DbMcusAds:125 - Set database path to: C:\Users\adity\.stmcufinder\plugins\mcufinder//mcu/
2026-08-02 19:51:41,826 [WARN] DbFile:41 - Overriding database path with different value: C:\Users\adity\.stmcufinder\plugins\mcufinder/ => C:\Users\adity\.stmcufinder\plugins\mcufinder
2026-08-02 19:51:41,826 [WARN] DbFile:41 - Overriding database path with different value: C:\Users\adity\.stmcufinder\plugins\mcufinder/ => C:\Users\adity\.stmcufinder\plugins\mcufinder
2026-08-02 19:51:41,826 [INFO] CrossReferenceDbSqlite:203 - Set database path to: C:\Users\adity\.stmcufinder\plugins\mcufinder//mcu/cs/
2026-08-02 19:51:41,881 [INFO] MainPanel:274 - HeapMemory: 274726912
2026-08-02 19:51:41,948 [INFO] DbMcusXml:78 - Set database path to: C:\ST\STM32CubeIDE_1.19.0\STM32CubeIDE\plugins\com.st.stm32cube.common.mx_6.15.0.202507011659\\db\/mcu/
2026-08-02 19:51:41,949 [INFO] ApiDb:274 - Set plugin database path to: C:\ST\STM32CubeIDE_1.19.0\STM32CubeIDE\plugins\com.st.stm32cube.common.mx_6.15.0.202507011659\\db\/plugins/boardmanager/
2026-08-02 19:51:41,949 [INFO] ApiDb:261 - Set plugin images path to: C:\ST\STM32CubeIDE_1.19.0\STM32CubeIDE\plugins\com.st.stm32cube.common.mx_6.15.0.202507011659\\db\/plugins/mcufinder/images/
2026-08-02 19:51:41,949 [WARN] DbFile:41 - Overriding database path with different value: C:\Users\adity\.stmcufinder\plugins\mcufinder/ => C:\Users\adity\.stmcufinder\plugins\mcufinder
2026-08-02 19:51:41,949 [INFO] ApiDb:250 - Set database path to: C:\Users\adity\.stmcufinder\plugins\mcufinder//mcu/
2026-08-02 19:51:41,949 [WARN] DbFile:41 - Overriding database path with different value: C:\Users\adity\.stmcufinder\plugins\mcufinder/ => C:\Users\adity\.stmcufinder\plugins\mcufinder
2026-08-02 19:51:41,949 [INFO] DbMcusAds:125 - Set database path to: C:\Users\adity\.stmcufinder\plugins\mcufinder//mcu/
2026-08-02 19:51:41,949 [WARN] DbFile:41 - Overriding database path with different value: C:\Users\adity\.stmcufinder\plugins\mcufinder/ => C:\Users\adity\.stmcufinder\plugins\mcufinder
2026-08-02 19:51:41,949 [WARN] DbFile:41 - Overriding database path with different value: C:\Users\adity\.stmcufinder\plugins\mcufinder/ => C:\Users\adity\.stmcufinder\plugins\mcufinder
2026-08-02 19:51:41,949 [INFO] CrossReferenceDbSqlite:203 - Set database path to: C:\Users\adity\.stmcufinder\plugins\mcufinder//mcu/cs/
2026-08-02 19:51:41,966 [INFO] ApplicationProperties:184 - Using Application install path: C:\ST\STM32CubeIDE_1.19.0\STM32CubeIDE\plugins\com.st.stm32cube.common.mx_6.15.0.202507011659
2026-08-02 19:51:41,968 [INFO] PluginManage:196 - Search for loadable plugins [exclusion list=, ]
2026-08-02 19:51:41,969 [INFO] PluginManage:310 - Check plugin analytics
2026-08-02 19:52:01,121 [INFO] AnalyticsPlugin:253 - Accepted Software Licenses: 
2026-08-02 19:52:01,121 [INFO] AnalyticsPlugin:255 - Accepted CMSIS Pack Licenses: 
2026-08-02 19:52:01,122 [INFO] AnalyticsPlugin:257 - Accepted Firmware Licenses: FW.F4.1.28.0,FW.G0.1.6.0
2026-08-02 19:52:01,124 [INFO] PluginManage:359 - Loaded plugin analytics (category:tool,tabindex:-1)
2026-08-02 19:52:01,124 [INFO] PluginManage:310 - Check plugin cadmodel
2026-08-02 19:52:01,127 [INFO] CADModel:105 - Init CAD model plugin
2026-08-02 19:52:01,127 [INFO] PluginManage:359 - Loaded plugin cadmodel (category:power,tabindex:5)
2026-08-02 19:52:01,127 [INFO] PluginManage:310 - Check plugin clock
2026-08-02 19:52:01,134 [INFO] PluginManage:359 - Loaded plugin clock (category:base,tabindex:2)
2026-08-02 19:52:01,134 [INFO] PluginManage:310 - Check plugin ddr
2026-08-02 19:52:01,136 [INFO] PluginManage:359 - Loaded plugin ddr (category:tool,tabindex:6)
2026-08-02 19:52:01,136 [INFO] PluginManage:310 - Check plugin filemanager
2026-08-02 19:52:01,241 [INFO] PluginManage:359 - Loaded plugin filemanager (category:base,tabindex:10)
2026-08-02 19:52:01,242 [INFO] PluginManage:310 - Check plugin ipmanager
2026-08-02 19:52:01,247 [INFO] PluginManage:359 - Loaded plugin ipmanager (category:base,tabindex:5)
2026-08-02 19:52:01,247 [INFO] PluginManage:310 - Check plugin lpbam
2026-08-02 19:52:01,253 [INFO] PluginManage:359 - Loaded plugin lpbam (category:base,tabindex:0)
2026-08-02 19:52:01,253 [INFO] PluginManage:310 - Check plugin memorymap
2026-08-02 19:52:01,261 [INFO] PluginManage:359 - Loaded plugin memorymap (category:base,tabindex:4)
2026-08-02 19:52:01,261 [INFO] PluginManage:310 - Check plugin pinoutandconfiguration
2026-08-02 19:52:01,266 [INFO] PluginManage:359 - Loaded plugin pinoutandconfiguration (category:base,tabindex:1)
2026-08-02 19:52:01,267 [INFO] PluginManage:310 - Check plugin pinoutconfig
2026-08-02 19:52:01,331 [WARN] SupportedApi:132 - Cannot load RTOS API schema: s4s-elt-must-match.1: The content of 'definitions' must match (annotation?, (simpleType | complexType)?, (unique | key | keyref)*)). A problem was found starting at: attribute.
2026-08-02 19:52:01,417 [INFO] PluginManage:359 - Loaded plugin pinoutconfig (category:base,tabindex:0)
2026-08-02 19:52:01,418 [INFO] PluginManage:310 - Check plugin power
2026-08-02 19:52:01,423 [INFO] PluginManage:359 - Loaded plugin power (category:power,tabindex:4)
2026-08-02 19:52:01,423 [INFO] PluginManage:310 - Check plugin projectmanager
2026-08-02 19:52:01,435 [INFO] PluginManage:359 - Loaded plugin projectmanager (category:projectmanager,tabindex:4)
2026-08-02 19:52:01,435 [INFO] PluginManage:310 - Check plugin rif
2026-08-02 19:52:01,441 [INFO] PluginManage:359 - Loaded plugin rif (category:base,tabindex:3)
2026-08-02 19:52:01,441 [INFO] PluginManage:310 - Check plugin thirdparty
2026-08-02 19:52:01,532 [INFO] PluginManage:359 - Loaded plugin thirdparty (category:base,tabindex:-1)
2026-08-02 19:52:01,532 [WARN] IntegrityCheckThread:84 - waiting for thirdparty lock release [integrity check]
2026-08-02 19:52:01,532 [INFO] PluginManage:310 - Check plugin tools
2026-08-02 19:52:01,532 [INFO] IntegrityCheckThread:86 - entering critical section [integrity check]
2026-08-02 19:52:01,532 [INFO] ThirdPartyUpdaterWithRetryManager:70 - Updater plugin not ready yet. [1/15]
2026-08-02 19:52:01,534 [INFO] PluginManage:359 - Loaded plugin tools (category:base,tabindex:7)
2026-08-02 19:52:01,534 [INFO] PluginManage:310 - Check plugin tutovideos
2026-08-02 19:52:01,698 [INFO] PluginManage:359 - Loaded plugin tutovideos (category:base,tabindex:-1)
2026-08-02 19:52:01,699 [INFO] PluginManage:310 - Check plugin updater
2026-08-02 19:52:01,716 [INFO] PluginManage:359 - Loaded plugin updater (category:base,tabindex:12)
2026-08-02 19:52:01,716 [INFO] PluginManage:310 - Check plugin userauth
2026-08-02 19:52:01,720 [INFO] UserAuth:118 - Init User Auth plugin
2026-08-02 19:52:01,721 [INFO] PluginManage:359 - Loaded plugin userauth (category:base,tabindex:14)
2026-08-02 19:52:01,721 [INFO] PluginManage:283 - PluginManage : Loaded plugins [18]
2026-08-02 19:52:01,879 [INFO] PinOutPanel:1589 - setPackage(No Configuration,No Configuration)
2026-08-02 19:52:01,939 [INFO] CADModel:165 - CPN selected for project level
2026-08-02 19:52:01,939 [INFO] CADModel:114 - Register for checkConnection events
2026-08-02 19:52:01,951 [INFO] IPUIPlugin:80 - create IPUIPlugin
2026-08-02 19:52:01,951 [INFO] PluginManager:220 - loadIPPluginJar : add adc
2026-08-02 19:52:01,953 [INFO] IPUIPlugin:80 - create IPUIPlugin
2026-08-02 19:52:01,953 [INFO] PluginManager:220 - loadIPPluginJar : add aes
2026-08-02 19:52:01,955 [INFO] IPUIPlugin:80 - create IPUIPlugin
2026-08-02 19:52:01,955 [INFO] PluginManager:220 - loadIPPluginJar : add can
2026-08-02 19:52:01,956 [INFO] IPUIPlugin:80 - create IPUIPlugin
2026-08-02 19:52:01,956 [INFO] PluginManager:220 - loadIPPluginJar : add comp
2026-08-02 19:52:01,958 [INFO] IPUIPlugin:80 - create IPUIPlugin
2026-08-02 19:52:01,958 [INFO] PluginManager:220 - loadIPPluginJar : add cryp
2026-08-02 19:52:01,959 [INFO] IPUIPlugin:80 - create IPUIPlugin
2026-08-02 19:52:01,960 [INFO] PluginManager:220 - loadIPPluginJar : add ddr_ctrl_phy
2026-08-02 19:52:01,962 [INFO] IPUIPlugin:80 - create IPUIPlugin
2026-08-02 19:52:01,962 [INFO] PluginManager:220 - loadIPPluginJar : add dfsdm
2026-08-02 19:52:01,965 [INFO] IPUIPlugin:80 - create IPUIPlugin
2026-08-02 19:52:01,966 [INFO] PluginManager:220 - loadIPPluginJar : add dma
2026-08-02 19:52:01,968 [INFO] IPUIPlugin:80 - create IPUIPlugin
2026-08-02 19:52:01,968 [INFO] PluginManager:220 - loadIPPluginJar : add dma3
2026-08-02 19:52:01,970 [INFO] IPUIPlugin:80 - create IPUIPlugin
2026-08-02 19:52:01,970 [INFO] PluginManager:220 - loadIPPluginJar : add extmemmanager
2026-08-02 19:52:01,971 [INFO] IPUIPlugin:80 - create IPUIPlugin
2026-08-02 19:52:01,972 [INFO] PluginManager:220 - loadIPPluginJar : add fatfs
2026-08-02 19:52:01,975 [INFO] IPUIPlugin:80 - create IPUIPlugin
2026-08-02 19:52:01,975 [INFO] PluginManager:220 - loadIPPluginJar : add fmc
2026-08-02 19:52:01,982 [INFO] IPUIPlugin:80 - create IPUIPlugin
2026-08-02 19:52:01,982 [INFO] PluginManager:220 - loadIPPluginJar : add freertos
2026-08-02 19:52:01,983 [INFO] IPUIPlugin:80 - create IPUIPlugin
2026-08-02 19:52:01,983 [INFO] PluginManager:220 - loadIPPluginJar : add genericplugin
2026-08-02 19:52:01,985 [INFO] IPUIPlugin:80 - create IPUIPlugin
2026-08-02 19:52:01,985 [INFO] PluginManager:220 - loadIPPluginJar : add gfxmmu
2026-08-02 19:52:01,989 [INFO] IPUIPlugin:80 - create IPUIPlugin
2026-08-02 19:52:01,989 [INFO] PluginManager:220 - loadIPPluginJar : add gic
2026-08-02 19:52:01,992 [INFO] IPUIPlugin:80 - create IPUIPlugin
2026-08-02 19:52:01,992 [INFO] PluginManager:220 - loadIPPluginJar : add gpio
2026-08-02 19:52:01,994 [INFO] IPUIPlugin:80 - create IPUIPlugin
2026-08-02 19:52:01,994 [INFO] PluginManager:220 - loadIPPluginJar : add gtzc
2026-08-02 19:52:01,996 [INFO] IPUIPlugin:80 - create IPUIPlugin
2026-08-02 19:52:01,996 [INFO] PluginManager:220 - loadIPPluginJar : add hash
2026-08-02 19:52:01,998 [INFO] IPUIPlugin:80 - create IPUIPlugin
2026-08-02 19:52:01,998 [INFO] PluginManager:220 - loadIPPluginJar : add i2c
2026-08-02 19:52:01,999 [INFO] IPUIPlugin:80 - create IPUIPlugin
2026-08-02 19:52:01,999 [INFO] PluginManager:220 - loadIPPluginJar : add i2s
2026-08-02 19:52:02,003 [INFO] IPUIPlugin:80 - create IPUIPlugin
2026-08-02 19:52:02,003 [INFO] PluginManager:220 - loadIPPluginJar : add i3c
2026-08-02 19:52:02,005 [INFO] IPUIPlugin:80 - create IPUIPlugin
2026-08-02 19:52:02,006 [INFO] PluginManager:220 - loadIPPluginJar : add ipddr
2026-08-02 19:52:02,010 [INFO] IPUIPlugin:80 - create IPUIPlugin
2026-08-02 19:52:02,010 [INFO] PluginManager:220 - loadIPPluginJar : add linkedlist
2026-08-02 19:52:02,012 [INFO] IPUIPlugin:80 - create IPUIPlugin
2026-08-02 19:52:02,012 [INFO] PluginManager:220 - loadIPPluginJar : add lorawan
2026-08-02 19:52:02,013 [INFO] IPUIPlugin:80 - create IPUIPlugin
2026-08-02 19:52:02,013 [INFO] PluginManager:220 - loadIPPluginJar : add ltdc
2026-08-02 19:52:02,017 [INFO] IPUIPlugin:80 - create IPUIPlugin
2026-08-02 19:52:02,018 [INFO] PluginManager:220 - loadIPPluginJar : add mdma
2026-08-02 19:52:02,020 [INFO] IPUIPlugin:80 - create IPUIPlugin
2026-08-02 19:52:02,020 [INFO] PluginManager:220 - loadIPPluginJar : add nvic
2026-08-02 19:52:02,022 [INFO] IPUIPlugin:80 - create IPUIPlugin
2026-08-02 19:52:02,022 [INFO] PluginManager:220 - loadIPPluginJar : add opamp
2026-08-02 19:52:02,024 [INFO] IPUIPlugin:80 - create IPUIPlugin
2026-08-02 19:52:02,024 [INFO] PluginManager:220 - loadIPPluginJar : add openamp
2026-08-02 19:52:02,026 [INFO] IPUIPlugin:80 - create IPUIPlugin
2026-08-02 19:52:02,026 [INFO] PluginManager:220 - loadIPPluginJar : add pdm2pcm
2026-08-02 19:52:02,030 [INFO] IPUIPlugin:80 - create IPUIPlugin
2026-08-02 19:52:02,032 [INFO] PluginManager:220 - loadIPPluginJar : add plateformsettings
2026-08-02 19:52:02,034 [INFO] IPUIPlugin:80 - create IPUIPlugin
2026-08-02 19:52:02,034 [INFO] PluginManager:220 - loadIPPluginJar : add quadspi
2026-08-02 19:52:02,035 [INFO] IPUIPlugin:80 - create IPUIPlugin
2026-08-02 19:52:02,035 [INFO] PluginManager:220 - loadIPPluginJar : add radio
2026-08-02 19:52:02,037 [INFO] IPUIPlugin:80 - create IPUIPlugin
2026-08-02 19:52:02,037 [INFO] PluginManager:220 - loadIPPluginJar : add resmgrutility
2026-08-02 19:52:02,039 [INFO] IPUIPlugin:80 - create IPUIPlugin
2026-08-02 19:52:02,039 [INFO] PluginManager:220 - loadIPPluginJar : add sai
2026-08-02 19:52:02,042 [INFO] IPUIPlugin:80 - create IPUIPlugin
2026-08-02 19:52:02,042 [INFO] PluginManager:220 - loadIPPluginJar : add spi
2026-08-02 19:52:02,045 [INFO] IPUIPlugin:80 - create IPUIPlugin
2026-08-02 19:52:02,046 [INFO] PluginManager:220 - loadIPPluginJar : add stm32_wpan
2026-08-02 19:52:02,047 [INFO] IPUIPlugin:80 - create IPUIPlugin
2026-08-02 19:52:02,047 [INFO] PluginManager:220 - loadIPPluginJar : add tim
2026-08-02 19:52:02,050 [INFO] IPUIPlugin:80 - create IPUIPlugin
2026-08-02 19:52:02,050 [INFO] PluginManager:220 - loadIPPluginJar : add touchsensing
2026-08-02 19:52:02,051 [INFO] IPUIPlugin:80 - create IPUIPlugin
2026-08-02 19:52:02,051 [INFO] PluginManager:220 - loadIPPluginJar : add tracer_emb
2026-08-02 19:52:02,052 [INFO] IPUIPlugin:80 - create IPUIPlugin
2026-08-02 19:52:02,053 [INFO] PluginManager:220 - loadIPPluginJar : add ts
2026-08-02 19:52:02,053 [INFO] IPUIPlugin:80 - create IPUIPlugin
2026-08-02 19:52:02,054 [INFO] PluginManager:220 - loadIPPluginJar : add tsc
2026-08-02 19:52:02,055 [INFO] IPUIPlugin:80 - create IPUIPlugin
2026-08-02 19:52:02,055 [INFO] PluginManager:220 - loadIPPluginJar : add ucpd
2026-08-02 19:52:02,057 [INFO] IPUIPlugin:80 - create IPUIPlugin
2026-08-02 19:52:02,057 [INFO] PluginManager:220 - loadIPPluginJar : add usart
2026-08-02 19:52:02,059 [INFO] IPUIPlugin:80 - create IPUIPlugin
2026-08-02 19:52:02,059 [INFO] PluginManager:220 - loadIPPluginJar : add usbx
2026-08-02 19:52:02,176 [FATAL] Updater:351 - Updater called before beeing initialized
2026-08-02 19:52:02,193 [INFO] RulesReader:64 - Compatibility file has been processed (317 Rules)
2026-08-02 19:52:02,201 [INFO] RulesReader:64 - Compatibility file has been processed (317 Rules)
2026-08-02 19:52:02,208 [INFO] CADModel:165 - CPN selected for project level
2026-08-02 19:52:02,208 [INFO] CADModel:114 - Register for checkConnection events
2026-08-02 19:52:02,209 [FATAL] Updater:351 - Updater called before beeing initialized
2026-08-02 19:52:02,209 [ERROR] CADModel:125 - Updater not yet initialized, retry later 
2026-08-02 19:52:02,321 [FATAL] Updater:351 - Updater called before beeing initialized
2026-08-02 19:52:02,322 [INFO] CADModel:165 - CPN selected for project level
2026-08-02 19:52:02,323 [INFO] CADModel:114 - Register for checkConnection events
2026-08-02 19:52:02,323 [FATAL] Updater:351 - Updater called before beeing initialized
2026-08-02 19:52:02,323 [ERROR] CADModel:125 - Updater not yet initialized, retry later 
2026-08-02 19:52:02,325 [FATAL] Updater:351 - Updater called before beeing initialized
2026-08-02 19:52:02,413 [FATAL] Updater:351 - Updater called before beeing initialized
2026-08-02 19:52:02,415 [INFO] DbMcusAds:53 - JSON generation date=Wed Jul 15 15:16:00 IST 2026 (1784108760991)
2026-08-02 19:52:02,415 [FATAL] Updater:351 - Updater called before beeing initialized
2026-08-02 19:52:02,440 [WARN] DetailPanel:346 - Failed to get advertising image, set to default
2026-08-02 19:52:02,507 [FATAL] Updater:351 - Updater called before beeing initialized
2026-08-02 19:52:02,508 [FATAL] Updater:351 - Updater called before beeing initialized
2026-08-02 19:52:02,508 [FATAL] Updater:351 - Updater called before beeing initialized
2026-08-02 19:52:02,509 [WARN] DetailPanel:346 - Failed to get advertising image, set to default
2026-08-02 19:52:02,509 [FATAL] Updater:351 - Updater called before beeing initialized
2026-08-02 19:52:02,542 [ERROR] Updater:1198 - MainUpdater not yet initialized. External WinMGr cannot be set.
2026-08-02 19:52:02,543 [INFO] Updater:1134 - Updater Version found : 6.15.0
2026-08-02 19:52:02,554 [INFO] ApplicationProperties:184 - Using Application install path: C:\ST\STM32CubeIDE_1.19.0\STM32CubeIDE\plugins\com.st.stm32cube.common.mx_6.15.0.202507011659
2026-08-02 19:52:04,121 [ERROR] LogOutputStream:75 - [STDERR_REDIRECT] Aug 02, 2026 7:52:04 PM java.util.prefs.WindowsPreferences <init>
2026-08-02 19:52:04,122 [ERROR] LogOutputStream:75 - [STDERR_REDIRECT] WARNING: Could not open/create prefs root node Software\JavaSoft\Prefs at root 0xffffffff80000002. Windows RegCreateKeyEx(...) returned error code 5.
2026-08-02 19:52:04,122 [ERROR] LogOutputStream:75 - [STDERR_REDIRECT] 
2026-08-02 19:52:04,381 [INFO] MainUpdater:2872 - connection check result : 10
2026-08-02 19:52:04,382 [INFO] MainUpdater:289 - Updater Check For Update Now.
2026-08-02 19:52:04,382 [INFO] MicroXplorer:498 - Change Database Version : DB.6.0.150
2026-08-02 19:52:04,386 [INFO] McuFinderGlobals:63 - Set McuFinder mode to 2 (CubeIDE integrated)
2026-08-02 19:52:04,387 [INFO] UserAuth:487 - Internet connection configuration mode: 1
2026-08-02 19:52:04,412 [INFO] JxBrowserEngine:152 - Initiate JxBrowser Engine with user profile folder
2026-08-02 19:52:04,533 [WARN] MainUpdater:1193 - Updater busy. Cannot search thirdparties
2026-08-02 19:52:04,533 [INFO] ThirdPartyUpdaterWithRetryManager:96 - Updater plugin is busy. [1/15]
2026-08-02 19:52:04,554 [INFO] CheckServerUpdateThread:120 - End of CheckServer Thread
2026-08-02 19:52:05,114 [INFO] WebApp:169 - Instantiating new browser for Auth
2026-08-02 19:52:05,637 [INFO] WebApp:463 - Apply proxy settings
2026-08-02 19:52:05,637 [INFO] WebApp:548 - Chromium requires no authentication
2026-08-02 19:52:05,644 [INFO] WebApp:491 - Direct internet connection detected
2026-08-02 19:52:05,658 [INFO] WebApp:900 - Register for checkConnection events
2026-08-02 19:52:05,659 [INFO] WebApp:463 - Apply proxy settings
2026-08-02 19:52:05,659 [INFO] WebApp:548 - Chromium requires no authentication
2026-08-02 19:52:05,659 [INFO] WebApp:491 - Direct internet connection detected
2026-08-02 19:52:05,775 [INFO] WebApp:225 - Starting web application
2026-08-02 19:52:05,776 [INFO] WebApp:593 - Web application path used C:\ST\STM32CubeIDE_1.19.0\STM32CubeIDE\plugins\com.st.stm32cube.common.mx_6.15.0.202507011659\db\plugins\mcufinder\reactClient1\index.html
2026-08-02 19:52:05,840 [INFO] UserAuth:487 - Internet connection configuration mode: 1
2026-08-02 19:52:07,740 [WARN] PackLoader:240 - Cannot read IP mode file for STMicroelectronics.X-CUBE-AZRTOS-H7.3.5.0
2026-08-02 19:52:07,750 [WARN] PackLoader:240 - Cannot read IP mode file for STMicroelectronics.FP-ATR-ASTRA1.2.0.3
2026-08-02 19:52:07,759 [WARN] PackLoader:240 - Cannot read IP mode file for STMicroelectronics.FP-ATR-ASTRA1.2.0.2
2026-08-02 19:52:07,767 [ERROR] Engine:466 - C:\Users\adity\.stm32cubemx\thirdparties\pdsc\STMicroelectronics.X-CUBE-SMBUS.2.1.1.pdsc: PDSC version is not supported
2026-08-02 19:52:07,770 [WARN] PackLoader:240 - Cannot read IP mode file for STMicroelectronics.X-CUBE-SMBUS.2.1.0
2026-08-02 19:52:07,785 [WARN] PackLoader:240 - Cannot read IP mode file for STMicroelectronics.X-CUBE-AZRTOS-F7.1.1.0
2026-08-02 19:52:07,794 [WARN] PackLoader:240 - Cannot read IP mode file for STMicroelectronics.X-CUBE-FREERTOS.1.6.0
2026-08-02 19:52:07,799 [WARN] PackLoader:240 - Cannot read IP mode file for STMicroelectronics.FP-SNS-MOTENV1.5.1.0
2026-08-02 19:52:07,815 [WARN] PackLoader:240 - Cannot read IP mode file for STMicroelectronics.X-CUBE-AZRTOS-H7RS.1.3.0
2026-08-02 19:52:07,825 [WARN] PackLoader:240 - Cannot read IP mode file for WES.I-CUBE-Cesium.1.4.0
2026-08-02 19:52:07,843 [WARN] PackLoader:240 - Cannot read IP mode file for STMicroelectronics.X-CUBE-AZRTOS-H7.3.4.0
2026-08-02 19:52:07,851 [WARN] PackLoader:240 - Cannot read IP mode file for STMicroelectronics.X-CUBE-DISPLAY.3.0.0
2026-08-02 19:52:07,860 [WARN] PackLoader:240 - Cannot read IP mode file for STMicroelectronics.X-CUBE-GNSS1.7.1.1
2026-08-02 19:52:07,864 [WARN] PackLoader:240 - Cannot read IP mode file for STMicroelectronics.FP-SNS-MOTENVWB1.1.5.0
2026-08-02 19:52:07,869 [WARN] PackLoader:240 - Cannot read IP mode file for STMicroelectronics.X-CUBE-NFC10.1.0.0
2026-08-02 19:52:07,875 [WARN] PackLoader:240 - Cannot read IP mode file for STMicroelectronics.X-CUBE-ST60.1.1.0
2026-08-02 19:52:07,879 [WARN] PackLoader:240 - Cannot read IP mode file for emotas.I-CUBE-CANOPEN.1.3.0
2026-08-02 19:52:07,881 [ERROR] Engine:466 - C:\Users\adity\.stm32cubemx\thirdparties\pdsc\STMicroelectronics.X-CUBE-WBA.1.1.0.pdsc: PDSC version is not supported
2026-08-02 19:52:07,885 [WARN] PackLoader:240 - Cannot read IP mode file for STMicroelectronics.X-CUBE-GNSS1.7.1.0
2026-08-02 19:52:07,893 [WARN] PackLoader:240 - Cannot read IP mode file for STMicroelectronics.FP-SNS-STBOX1.2.1.0
2026-08-02 19:52:07,900 [WARN] PackLoader:240 - Cannot read IP mode file for STMicroelectronics.FP-SNS-SMARTAG2.1.2.0
2026-08-02 19:52:07,904 [WARN] PackLoader:240 - Cannot read IP mode file for STMicroelectronics.FP-SNS-FLIGHT1.5.1.0
2026-08-02 19:52:07,911 [INFO] LogOutputStream:77 - [STDOUT_REDIRECT] 1 : Invalid condition id : UX_CORESTACK_Condition cause : null
2026-08-02 19:52:07,912 [INFO] LogOutputStream:77 - [STDOUT_REDIRECT] 1 : Invalid condition id : UX_CORESTACK_Condition cause : null
2026-08-02 19:52:07,912 [INFO] LogOutputStream:77 - [STDOUT_REDIRECT] 1 : Invalid condition id : UX_CORESTACK_Condition cause : null
2026-08-02 19:52:07,913 [INFO] LogOutputStream:77 - [STDOUT_REDIRECT] 1 : Invalid condition id : UX_CORESTACK_Condition cause : null
2026-08-02 19:52:07,913 [INFO] LogOutputStream:77 - [STDOUT_REDIRECT] 1 : Invalid condition id : UX_CORESTACK_Condition cause : null
2026-08-02 19:52:07,915 [WARN] PackLoader:240 - Cannot read IP mode file for STMicroelectronics.X-CUBE-AZRTOS-WL.2.0.0
2026-08-02 19:52:07,927 [WARN] PackLoader:240 - Cannot read IP mode file for STMicroelectronics.X-CUBE-AZRTOS-H7RS.1.2.0
2026-08-02 19:52:07,933 [WARN] PackLoader:240 - Cannot read IP mode file for STMicroelectronics.X-CUBE-BLE2.3.3.0
2026-08-02 19:52:08,065 [WARN] PackLoader:240 - Cannot read IP mode file for Infineon.AIROC-Wi-Fi-Bluetooth-STM32.1.8.0
2026-08-02 19:52:08,074 [WARN] PackLoader:240 - Cannot read IP mode file for STMicroelectronics.X-CUBE-NFC9.1.0.0
2026-08-02 19:52:08,080 [WARN] PackLoader:240 - Cannot read IP mode file for STMicroelectronics.X-CUBE-BLE1.7.1.0
2026-08-02 19:52:08,084 [WARN] PackLoader:240 - Cannot read IP mode file for wolfSSL.I-CUBE-wolfMQTT.1.19.2
2026-08-02 19:52:08,089 [WARN] PackLoader:240 - Cannot read IP mode file for STMicroelectronics.X-CUBE-FREERTOS.1.4.0
2026-08-02 19:52:08,094 [WARN] PackLoader:240 - Cannot read IP mode file for STMicroelectronics.X-CUBE-EEPRMA1.5.2.0
2026-08-02 19:52:08,098 [WARN] PackLoader:240 - Cannot read IP mode file for wolfSSL.I-CUBE-wolfSSL.5.8.4
2026-08-02 19:52:08,101 [WARN] PackLoader:240 - Cannot read IP mode file for Cesanta.I-CUBE-Mongoose.7.20.0
2026-08-02 19:52:08,107 [WARN] PackLoader:240 - Cannot read IP mode file for STMicroelectronics.FP-SNS-STAIOTCFT.1.1.0
2026-08-02 19:52:08,131 [WARN] PackLoader:240 - Cannot read IP mode file for STMicroelectronics.X-CUBE-MEMS1.12.0.0
2026-08-02 19:52:08,231 [WARN] PackLoader:240 - Cannot read IP mode file for STMicroelectronics.X-CUBE-AZRTOS-G0.1.1.0
2026-08-02 19:52:08,242 [WARN] PackLoader:240 - Cannot read IP mode file for STMicroelectronics.X-CUBE-NFC4.3.0.0
2026-08-02 19:52:08,253 [WARN] PackLoader:240 - Cannot read IP mode file for EmbeddedOffice.I-CUBE-FS-RTOS.1.0.1
2026-08-02 19:52:08,260 [WARN] PackLoader:240 - Cannot read IP mode file for STMicroelectronics.X-CUBE-WB05N.2.0.0
2026-08-02 19:52:08,264 [WARN] PackLoader:240 - Cannot read IP mode file for wolfSSL.I-CUBE-wolfTPM.3.8.0
2026-08-02 19:52:08,270 [WARN] PackLoader:240 - Cannot read IP mode file for STMicroelectronics.X-CUBE-TCPP.4.2.0
2026-08-02 19:52:08,276 [WARN] PackLoader:240 - Cannot read IP mode file for RealThread.X-CUBE-RT-Thread_Nano.4.1.1
2026-08-02 19:52:08,280 [WARN] PackLoader:240 - Cannot read IP mode file for STMicroelectronics.FP-ATR-SIGFOX1.3.2.0
2026-08-02 19:52:08,284 [WARN] PackLoader:240 - Cannot read IP mode file for STMicroelectronics.X-CUBE-FREERTOS.1.5.0
2026-08-02 19:52:08,291 [WARN] PackLoader:240 - Cannot read IP mode file for ITTIA_DB.I-CUBE-ITTIADB.8.9.0
2026-08-02 19:52:08,298 [WARN] PackLoader:240 - Cannot read IP mode file for STMicroelectronics.X-CUBE-NFC6.3.2.0
2026-08-02 19:52:08,303 [WARN] PackLoader:240 - Cannot read IP mode file for STMicroelectronics.X-CUBE-AI.10.2.1
2026-08-02 19:52:08,306 [WARN] PackLoader:240 - Cannot read IP mode file for STMicroelectronics.X-CUBE-AI.10.2.0
2026-08-02 19:52:08,332 [WARN] PackLoader:240 - Cannot read IP mode file for STMicroelectronics.X-CUBE-MEMS1.12.1.0
2026-08-02 19:52:08,397 [WARN] PackLoader:240 - Cannot read IP mode file for SEGGER.I-CUBE-embOS.1.3.1
2026-08-02 19:52:08,420 [WARN] PackLoader:240 - Cannot read IP mode file for STMicroelectronics.X-CUBE-ALGOBUILD.1.4.0
2026-08-02 19:52:08,427 [WARN] PackLoader:240 - Cannot read IP mode file for STMicroelectronics.X-CUBE-NFC13.1.0.0
2026-08-02 19:52:08,432 [WARN] PackLoader:240 - Cannot read IP mode file for STMicroelectronics.X-CUBE-PM33A1.1.0.0
2026-08-02 19:52:08,440 [WARN] PackLoader:240 - Cannot read IP mode file for STMicroelectronics.X-CUBE-AZRTOS-F4.1.1.0
2026-08-02 19:52:08,446 [WARN] PackLoader:240 - Cannot read IP mode file for STMicroelectronics.X-CUBE-ISPU.2.1.0
2026-08-02 19:52:08,454 [WARN] PackLoader:240 - Cannot read IP mode file for STMicroelectronics.X-CUBE-IPS.3.2.0
2026-08-02 19:52:08,461 [WARN] PackLoader:240 - Cannot read IP mode file for STMicroelectronics.eDS-WB_DPC_TT-BIDIR.2.1.1
2026-08-02 19:52:08,468 [WARN] PackLoader:240 - Cannot read IP mode file for STMicroelectronics.X-CUBE-NFC12.1.0.0
2026-08-02 19:52:08,480 [WARN] PackLoader:240 - Cannot read IP mode file for STMicroelectronics.X-CUBE-AZRTOS-L5.2.0.0
2026-08-02 19:52:08,486 [WARN] PackLoader:240 - Cannot read IP mode file for STMicroelectronics.X-CUBE-ALGOBUILD.1.5.0
2026-08-02 19:52:08,494 [WARN] PackLoader:240 - Cannot read IP mode file for STMicroelectronics.eDS-WB_DPC_VIENNA.1.2.0
2026-08-02 19:52:08,523 [WARN] PackLoader:240 - Cannot read IP mode file for STMicroelectronics.X-CUBE-MEMS1.13.0.0
2026-08-02 19:52:08,570 [WARN] PackLoader:240 - Cannot read IP mode file for STMicroelectronics.eDS-WB_DPC_3PH2L-BIDIR.1.1.1
2026-08-02 19:52:08,572 [ERROR] Engine:466 - C:\Users\adity\.stm32cubemx\thirdparties\pdsc\STMicroelectronics.X-CUBE-ST67W61.1.3.0.pdsc: PDSC version is not supported
2026-08-02 19:52:08,577 [WARN] PackLoader:240 - Cannot read IP mode file for STMicroelectronics.X-CUBE-TOUCHGFX.4.26.0
2026-08-02 19:52:08,581 [WARN] PackLoader:240 - Cannot read IP mode file for STMicroelectronics.X-CUBE-TOUCHGFX.4.26.1
2026-08-02 19:52:08,584 [WARN] PackLoader:240 - Cannot read IP mode file for STMicroelectronics.FP-SNS-STAIOTCFT.1.0.0
2026-08-02 19:52:08,589 [WARN] PackLoader:240 - Cannot read IP mode file for STMicroelectronics.X-CUBE-DPower.1.3.0
2026-08-02 19:52:08,599 [WARN] ConditionMgr:438 - getConditionDescription Invalid condition id : LAN8742 Phy interface Condition cause : null
2026-08-02 19:52:08,599 [WARN] PackLoader:240 - Cannot read IP mode file for STMicroelectronics.X-CUBE-AZRTOS-L4.2.0.0
2026-08-02 19:52:08,600 [WARN] ConditionMgr:1044 - genDependencies : Invalid condition id : LAN8742 Phy interface Condition cause : null
2026-08-02 19:52:08,601 [WARN] ConditionMgr:1044 - genDependencies : Invalid condition id : LAN8742 Phy interface Condition cause : null
2026-08-02 19:52:08,601 [WARN] ConditionMgr:1044 - genDependencies : Invalid condition id : LAN8742 Phy interface Condition cause : null
2026-08-02 19:52:08,606 [WARN] PackLoader:240 - Cannot read IP mode file for STMicroelectronics.X-CUBE-SFXS2LP1.4.0.0
2026-08-02 19:52:08,612 [WARN] PackLoader:240 - Cannot read IP mode file for STMicroelectronics.X-CUBE-WB05N.2.1.0
2026-08-02 19:52:08,618 [WARN] PackLoader:240 - Cannot read IP mode file for STMicroelectronics.X-CUBE-ST67W61.1.2.0
2026-08-02 19:52:08,625 [WARN] PackLoader:240 - Cannot read IP mode file for STMicroelectronics.X-CUBE-BLEMGR.4.1.0
2026-08-02 19:52:08,634 [WARN] ConditionMgr:438 - getConditionDescription Invalid condition id : UX DEVICE CLASS RTOS Condition cause : null
2026-08-02 19:52:08,634 [WARN] ConditionMgr:438 - getConditionDescription Invalid condition id : UX DEVICE CLASS RTOS Condition cause : null
2026-08-02 19:52:08,635 [WARN] PackLoader:240 - Cannot read IP mode file for STMicroelectronics.X-CUBE-AZRTOS-WB.2.0.0
2026-08-02 19:52:08,635 [WARN] ConditionMgr:1044 - genDependencies : Invalid condition id : UX DEVICE CLASS RTOS Condition cause : null
2026-08-02 19:52:08,635 [WARN] ConditionMgr:1044 - genDependencies : Invalid condition id : UX DEVICE CLASS RTOS Condition cause : null
2026-08-02 19:52:08,635 [WARN] ConditionMgr:1044 - genDependencies : Invalid condition id : UX DEVICE CLASS RTOS Condition cause : null
2026-08-02 19:52:08,636 [WARN] ConditionMgr:1044 - genDependencies : Invalid condition id : UX DEVICE CLASS RTOS Condition cause : null
2026-08-02 19:52:08,636 [WARN] ConditionMgr:1044 - genDependencies : Invalid condition id : UX DEVICE CLASS RTOS Condition cause : null
2026-08-02 19:52:08,640 [WARN] ConditionMgr:438 - getConditionDescription Invalid condition id : Cortex-A Device cause : null
2026-08-02 19:52:08,647 [WARN] ConditionMgr:1044 - genDependencies : Invalid condition id : Cortex-A Device cause : null
2026-08-02 19:52:08,647 [WARN] ConditionMgr:1044 - genDependencies : Invalid condition id : Cortex-A Device cause : null
2026-08-02 19:52:08,647 [WARN] ConditionMgr:1044 - genDependencies : Invalid condition id : Cortex-A Device cause : null
2026-08-02 19:52:08,652 [WARN] PackLoader:240 - Cannot read IP mode file for STMicroelectronics.X-CUBE-STSE01.2.0.0
2026-08-02 19:52:08,658 [WARN] PackLoader:240 - Cannot read IP mode file for STMicroelectronics.X-CUBE-SUBG2.5.0.0
2026-08-02 19:52:08,667 [WARN] PackLoader:240 - Cannot read IP mode file for STMicroelectronics.X-CUBE-AZRTOS-G4.2.0.0
2026-08-02 19:52:08,672 [WARN] PackLoader:240 - Cannot read IP mode file for wolfSSL.I-CUBE-wolfSSH.1.4.20
2026-08-02 19:52:08,677 [WARN] PackLoader:240 - Cannot read IP mode file for STMicroelectronics.X-CUBE-NFC7.2.0.0
2026-08-02 19:52:08,680 [ERROR] Engine:466 - C:\Users\adity\.stm32cubemx\thirdparties\pdsc\STMicroelectronics.X-CUBE-BLEMGR.4.2.0.pdsc: PDSC version is not supported
2026-08-02 19:52:08,683 [WARN] PackLoader:240 - Cannot read IP mode file for STMicroelectronics.X-CUBE-ALS.1.0.2
2026-08-02 19:52:08,693 [WARN] PackLoader:240 - Cannot read IP mode file for STMicroelectronics.X-CUBE-TOF1.3.4.3
2026-08-02 19:52:08,700 [INFO] ThirdParty:978 - Integrity check success = true
2026-08-02 19:52:08,700 [INFO] IntegrityCheckThread:100 - exiting critical section [integrity check]
2026-08-02 19:52:08,700 [INFO] IntegrityCheckThread:103 - End integrity checks thread
2026-08-02 19:52:17,066 [INFO] WebApp:191 - Connection restablished
